[
{
"teststring": "\u0001\b\f\n\r\t\\blurfl",
"updated": "Tue, 08 Sep 2009 23:28:55 +0000",
"links": [
{
"href": "http://example.com/broadway/",
"type": "text/html",
"rel": "alternate"
}

]
,
"title": "TheaterMania",
"author": "mcasas1",
"comments": "http://example.com/url/b5b3cbf9a9176fe43c27d7b4af94a422",
"guidislink": false,
"title_detail": {
"base": "http://example.com/v2/rss/recent?min=1&count=100",
"type": "text/plain",
"language": null,
"value": "TheaterMania"
}
,
"link": "http://example.com/broadway/",
"source": {

}
,
"wfw_commentrss": "http://example.com/v2/rss/url/b5b3cbf9a9176fe43c27d7b4af94a422",
"id": "http://example.com/url/b5b3cbf9a9176fe43c27d7b4af94a422#mcasas1",
"tags": [
{
"term": "NYC",
"scheme": "http://example.com/mcasas1/",
"label": null
}

]

}
,
{
"updated": "Fri, 11 Sep 2009 15:07:02 +0000",
"links": [
{
"href": "http://example.com/",
"type": "text/html",
"rel": "alternate"
}

]
,
"title": "Jobs & Employment | Full & Part Time Job Search | Example.com",
"author": "Irvinn",
"comments": "http://example.com/url/90c6b38a375cf62280f9ebc89823f570",
"guidislink": false,
"title_detail": {
"base": "http://example.com/v2/rss/recent?min=1&count=100",
"type": "text/plain",
"language": null,
"value": "Jobs & Employment | Full & Part Time Job Search | Example.com"
}
,
"link": "http://example.com/",
"source": {

}
,
"wfw_commentrss": "http://example.com/v2/rss/url/90c6b38a375cf62280f9ebc89823f570",
"id": "http://example.com/url/90c6b38a375cf62280f9ebc89823f570#Irvinn",
"tags": [
{
"term": "Jobs",
"scheme": "http://example.com/Irvinn/",
"label": null
}

]

}
,
{
"updated": "Thu, 10 Sep 2009 08:27:38 +0000",
"links": [
{
"href": "http://example.com/2009/09/ikea-haar-slimme-toepassing-van-mbti-principes/",
"type": "text/html",
"rel": "alternate"
}

]
,
"title": "Usabilityweb » Blog Archive » IKEA haar slimme toepassing van MBTI principes",
"author": "NicoDruif",
"comments": "http://example.com/url/5b3bc7d41a07f732dae9f3bac8859c50",
"guidislink": false,
"title_detail": {
"base": "http://example.com/v2/rss/recent?min=1&count=100",
"type": "text/plain",
"language": null,
"value": "Usabilityweb » Blog Archive » IKEA haar slimme toepassing van MBTI principes"
}
,
"link": "http://example.com/2009/09/ikea-haar-slimme-toepassing-van-mbti-principes/",
"source": {

}
,
"wfw_commentrss": "http://example.com/v2/rss/url/5b3bc7d41a07f732dae9f3bac8859c50",
"id": "http://example.com/url/5b3bc7d41a07f732dae9f3bac8859c50#NicoDruif",
"tags": [
{
"term": "design",
"scheme": "http://example.com/NicoDruif/",
"label": null
}
,
{
"term": "usability",
"scheme": "http://example.com/NicoDruif/",
"label": null
}
,
{
"term": "inspiration",
"scheme": "http://example.com/NicoDruif/",
"label": null
}
,
{
"term": "interactiondesign",
"scheme": "http://example.com/NicoDruif/",
"label": null
}

]

}
,
{
"updated": "Sun, 13 Sep 2009 08:11:20 +0000",
"links": [
{
"href": "http://example.com/wiki/index.php/Main_Page",
"type": "text/html",
"rel": "alternate"
}

]
,
"title": "CEGUIWiki",
"author": "renato.cron",
"comments": "http://example.com/url/fa4eb9b9833c073a50c1a9db4bebc007",
"guidislink": false,
"title_detail": {
"base": "http://example.com/v2/rss/recent?min=1&count=100",
"type": "text/plain",
"language": null,
"value": "CEGUIWiki"
}
,
"link": "http://example.com/wiki/index.php/Main_Page",
"source": {

}
,
"wfw_commentrss": "http://example.com/v2/rss/url/fa4eb9b9833c073a50c1a9db4bebc007",
"id": "http://example.com/url/fa4eb9b9833c073a50c1a9db4bebc007#renato.cron",
"tags": [
{
"term": "gui",
"scheme": "http://example.com/renato.cron/",
"label": null
}
,
{
"term": "programming",
"scheme": "http://example.com/renato.cron/",
"label": null
}
,
{
"term": "opensource",
"scheme": "http://example.com/renato.cron/",
"label": null
}
,
{
"term": "c++",
"scheme": "http://example.com/renato.cron/",
"label": null
}
,
{
"term": "gamedev",
"scheme": "http://example.com/renato.cron/",
"label": null
}
,
{
"term": "library",
"scheme": "http://example.com/renato.cron/",
"label": null
}
,
{
"term": "3d",
"scheme": "http://example.com/renato.cron/",
"label": null
}
,
{
"term": "graphics",
"scheme": "http://example.com/renato.cron/",
"label": null
}
,
{
"term": "openGl",
"scheme": "http://example.com/renato.cron/",
"label": null
}
,
{
"term": "games",
"scheme": "http://example.com/renato.cron/",
"label": null
}

]

}
,
{
"updated": "Tue, 08 Sep 2009 08:45:00 +0000",
"links": [
{
"href": "http://example.com/",
"type": "text/html",
"rel": "alternate"
}

]
,
"title": "Home - Manchester City FC",
"author": "cainarachi",
"comments": "http://example.com/url/b7cdad040b7e1d0aec0c93b1b8c4bb41",
"guidislink": false,
"title_detail": {
"base": "http://example.com/v2/rss/recent?min=1&count=100",
"type": "text/plain",
"language": null,
"value": "Home - Manchester City FC"
}
,
"link": "http://example.com/",
"source": {

}
,
"wfw_commentrss": "http://example.com/v2/rss/url/b7cdad040b7e1d0aec0c93b1b8c4bb41",
"id": "http://example.com/url/b7cdad040b7e1d0aec0c93b1b8c4bb41#cainarachi",
"tags": [
{
"term": "bonssites",
"scheme": "http://example.com/cainarachi/",
"label": null
}
,
{
"term": "html",
"scheme": "http://example.com/cainarachi/",
"label": null
}
,
{
"term": "webdesign",
"scheme": "http://example.com/cainarachi/",
"label": null
}
,
{
"term": "css",
"scheme": "http://example.com/cainarachi/",
"label": null
}

]

}

]
